#%PAM-1.0
auth     optional	pam_mount.so
auth     include        common-auth
account  include        common-account
password include        common-password
session  required	pam_loginuid.so	
session  include        common-session
session  required       pam_resmgr.so
session  optional	pam_mount.so
