#%PAM-1.0
#
# This file is autogenerated by pam-config. All changes
# will be overwritten.
#
# Authentication-related modules common to all services
#
# This file is included from other service-specific PAM config files,
# and should contain a list of the authentication modules that define
# the central authentication scheme for use on the system
# (e.g., /etc/shadow, LDAP, Kerberos, etc.). The default is to use the
# traditional Unix authentication mechanisms.
#
auth	required	pam_env.so	
auth	sufficient	pam_unix2.so	debug 
auth	sufficient	pam_krb5.so	use_first_pass 
auth	required	pam_ldap.so	use_first_pass
#%PAM-1.0
#
# This file is autogenerated by pam-config. All changes
# will be overwritten.
#
# Account-related modules common to all services
#
# This file is included from other service-specific PAM config files,
# and should contain a list of the accountorization modules that define
# the central access policy for use on the system.  The default is to
# only deny service to users whose accounts are expired.
#
account	requisite	pam_unix2.so	debug 
account	required	pam_krb5.so	use_first_pass 
account	sufficient	pam_localuser.so 
account	required	pam_ldap.so	use_first_pass
#%PAM-1.0
#
# This file is autogenerated by pam-config. All changes
# will be overwritten.
#
# Password-related modules common to all services
#
# This file is included from other service-specific PAM config files,
# and should contain a list of modules that define  the services to be
# used to change user passwords.
#
password	requisite	pam_pwcheck.so	debug nullok cracklib 
password	[default=ignore success=1]	pam_succeed_if.so	uid > 999 debug 
password	sufficient	pam_unix2.so	use_authtok nullok debug 
password	sufficient	pam_krb5.so 
password	required	pam_ldap.so	try_first_pass use_authtok 
#%PAM-1.0
#
# This file is autogenerated by pam-config. All changes
# will be overwritten.
#
# Session-related modules common to all services
#
# This file is included from other service-specific PAM config files,
# and should contain a list of modules that define tasks to be performed
# at the start and end of sessions of *any* kind (both interactive and
# non-interactive
#
session	required	pam_limits.so	
session	required	pam_unix2.so	debug 
session	optional	pam_krb5.so	
session	optional	pam_ldap.so	
session	optional	pam_umask.so	
